<?xml version='1.0' encoding='UTF-8'?>
<caom2:Observation xmlns:caom2="http://www.opencadc.org/caom2/xml/v2.4" xmlns:xsi="http://www.w3.org/2001/XMLSchema-instance" xsi:type="caom2:DerivedObservation" caom2:id="f5e485ef-b971-4c69-a64e-ad951c284f63" caom2:metaProducer="subaru2caom2/0.1.0">
  <caom2:collection>SUBARUCADC</caom2:collection>
  <caom2:observationID>SCLA.396.170</caom2:observationID>
  <caom2:metaRelease>2021-04-24T22:21:34.000</caom2:metaRelease>
  <caom2:algorithm>
    <caom2:name>Suprime-Cam Legacy Archive</caom2:name>
  </caom2:algorithm>
  <caom2:intent>science</caom2:intent>
  <caom2:target>
    <caom2:name>field8</caom2:name>
  </caom2:target>
  <caom2:telescope>
    <caom2:name>Subaru</caom2:name>
    <caom2:geoLocationX>-5464468.109716696</caom2:geoLocationX>
    <caom2:geoLocationY>-2493053.6504484504</caom2:geoLocationY>
    <caom2:geoLocationZ>2150943.6050810195</caom2:geoLocationZ>
  </caom2:telescope>
  <caom2:instrument>
    <caom2:name>Suprime-Cam</caom2:name>
  </caom2:instrument>
  <caom2:planes>
    <caom2:plane caom2:id="200d26e4-4148-47a3-a826-bb4596a408ef" caom2:metaProducer="subaru2caom2/0.1.0">
      <caom2:productID>SCLA.396.170.W-C-RC</caom2:productID>
      <caom2:metaRelease>2021-04-24T22:21:34.000</caom2:metaRelease>
      <caom2:dataRelease>2021-04-24T22:21:34.000</caom2:dataRelease>
      <caom2:dataProductType>image</caom2:dataProductType>
      <caom2:calibrationLevel>3</caom2:calibrationLevel>
      <caom2:provenance>
        <caom2:name>SWarp</caom2:name>
        <caom2:version>2.38.0</caom2:version>
        <caom2:project>2010-2012 IAP/CNRS/UPMC</caom2:project>
        <caom2:producer>CADC</caom2:producer>
        <caom2:reference>https://www.astromatic.net/</caom2:reference>
        <caom2:lastExecuted>2021-04-24T22:21:34.000</caom2:lastExecuted>
        <caom2:inputs>
          <caom2:planeURI>caom:SUBARUCADC/SUPA0038229/SUPA0038229p</caom2:planeURI>
          <caom2:planeURI>caom:SUBARUCADC/SUPA0038241/SUPA0038241p</caom2:planeURI>
          <caom2:planeURI>caom:SUBARUCADC/SUPA0038253/SUPA0038253p</caom2:planeURI>
        </caom2:inputs>
      </caom2:provenance>
      <caom2:metrics>
        <caom2:magLimit>25.39</caom2:magLimit>
      </caom2:metrics>
      <caom2:artifacts>
        <caom2:artifact caom2:id="75db8bbd-0131-4fc6-b652-547346efa994" caom2:metaProducer="subaru2caom2/0.1.0">
          <caom2:uri>cadc:SUBARUCADC/SCLA.396.170.W-C-RC.weight.fits.fz</caom2:uri>
          <caom2:productType>weight</caom2:productType>
          <caom2:releaseType>data</caom2:releaseType>
          <caom2:contentType>application/fits</caom2:contentType>
          <caom2:parts>
            <caom2:part caom2:id="9fa9671b-4840-436d-89e5-41ebc70f903d">
              <caom2:name>0</caom2:name>
              <caom2:chunks/>
            </caom2:part>
            <caom2:part caom2:id="ffb36fc6-2ec4-433d-a5c2-d37ebc336aca">
              <caom2:name>1</caom2:name>
              <caom2:chunks>
                <caom2:chunk caom2:id="d1093a22-7488-49f5-9321-ed66be4fcd11" caom2:metaProducer="subaru2caom2/0.1.0">
                  <caom2:naxis>2</caom2:naxis>
                  <caom2:positionAxis1>1</caom2:positionAxis1>
                  <caom2:positionAxis2>2</caom2:positionAxis2>
                  <caom2:position>
                    <caom2:axis>
                      <caom2:axis1>
                        <caom2:ctype>RA---TAN</caom2:ctype>
                        <caom2:cunit>deg</caom2:cunit>
                      </caom2:axis1>
                      <caom2:axis2>
                        <caom2:ctype>DEC--TAN</caom2:ctype>
                        <caom2:cunit>deg</caom2:cunit>
                      </caom2:axis2>
                      <caom2:function>
                        <caom2:dimension>
                          <caom2:naxis1>10000</caom2:naxis1>
                          <caom2:naxis2>10000</caom2:naxis2>
                        </caom2:dimension>
                        <caom2:refCoord>
                          <caom2:coord1>
                            <caom2:pix>5000.0</caom2:pix>
                            <caom2:val>198.7563</caom2:val>
                          </caom2:coord1>
                          <caom2:coord2>
                            <caom2:pix>5000.0</caom2:pix>
                            <caom2:val>-5.0</caom2:val>
                          </caom2:coord2>
                        </caom2:refCoord>
                        <caom2:cd11>-5.160235e-05</caom2:cd11>
                        <caom2:cd12>0.0</caom2:cd12>
                        <caom2:cd21>0.0</caom2:cd21>
                        <caom2:cd22>5.160235e-05</caom2:cd22>
                      </caom2:function>
                    </caom2:axis>
                    <caom2:coordsys>ICRS</caom2:coordsys>
                    <caom2:equinox>2000.0</caom2:equinox>
                  </caom2:position>
                  <caom2:time>
                    <caom2:axis>
                      <caom2:axis>
                        <caom2:ctype>TIME</caom2:ctype>
                        <caom2:cunit>d</caom2:cunit>
                      </caom2:axis>
                      <caom2:function>
                        <caom2:naxis>1</caom2:naxis>
                        <caom2:delta>1.0</caom2:delta>
                        <caom2:refCoord>
                          <caom2:pix>0.5</caom2:pix>
                          <caom2:val>53440.0</caom2:val>
                        </caom2:refCoord>
                      </caom2:function>
                    </caom2:axis>
                    <caom2:timesys>UTC</caom2:timesys>
                    <caom2:exposure>0.0</caom2:exposure>
                  </caom2:time>
                </caom2:chunk>
              </caom2:chunks>
            </caom2:part>
          </caom2:parts>
        </caom2:artifact>
        <caom2:artifact caom2:id="4cf26bd2-a92f-496f-9159-a450b40f5da0" caom2:metaProducer="subaru2caom2/0.1.0">
          <caom2:uri>cadc:SUBARUCADC/SCLA.396.170.W-C-RC.fits</caom2:uri>
          <caom2:productType>science</caom2:productType>
          <caom2:releaseType>data</caom2:releaseType>
          <caom2:contentType>application/fits</caom2:contentType>
          <caom2:parts>
            <caom2:part caom2:id="bc9bee47-2d41-42e0-bc80-eaaf976bc2ce">
              <caom2:name>0</caom2:name>
              <caom2:chunks>
                <caom2:chunk caom2:id="933668b8-eb25-48ce-90e1-c4e7d9f59fef" caom2:metaProducer="subaru2caom2/0.1.0">
                  <caom2:naxis>2</caom2:naxis>
                  <caom2:positionAxis1>1</caom2:positionAxis1>
                  <caom2:positionAxis2>2</caom2:positionAxis2>
                  <caom2:position>
                    <caom2:axis>
                      <caom2:axis1>
                        <caom2:ctype>RA---TAN</caom2:ctype>
                        <caom2:cunit>deg</caom2:cunit>
                      </caom2:axis1>
                      <caom2:axis2>
                        <caom2:ctype>DEC--TAN</caom2:ctype>
                        <caom2:cunit>deg</caom2:cunit>
                      </caom2:axis2>
                      <caom2:function>
                        <caom2:dimension>
                          <caom2:naxis1>10000</caom2:naxis1>
                          <caom2:naxis2>10000</caom2:naxis2>
                        </caom2:dimension>
                        <caom2:refCoord>
                          <caom2:coord1>
                            <caom2:pix>5000.0</caom2:pix>
                            <caom2:val>198.7563</caom2:val>
                          </caom2:coord1>
                          <caom2:coord2>
                            <caom2:pix>5000.0</caom2:pix>
                            <caom2:val>-5.0</caom2:val>
                          </caom2:coord2>
                        </caom2:refCoord>
                        <caom2:cd11>-5.160235e-05</caom2:cd11>
                        <caom2:cd12>0.0</caom2:cd12>
                        <caom2:cd21>0.0</caom2:cd21>
                        <caom2:cd22>5.160235e-05</caom2:cd22>
                      </caom2:function>
                    </caom2:axis>
                    <caom2:coordsys>ICRS</caom2:coordsys>
                    <caom2:equinox>2000.0</caom2:equinox>
                    <caom2:resolution>0.0</caom2:resolution>
                  </caom2:position>
                  <caom2:energy>
                    <caom2:axis>
                      <caom2:axis>
                        <caom2:ctype>WAVE</caom2:ctype>
                        <caom2:cunit>Angstrom</caom2:cunit>
                      </caom2:axis>
                      <caom2:range>
                        <caom2:start>
                          <caom2:pix>0.5</caom2:pix>
                          <caom2:val>5832.0</caom2:val>
                        </caom2:start>
                        <caom2:end>
                          <caom2:pix>1.5</caom2:pix>
                          <caom2:val>7178.0</caom2:val>
                        </caom2:end>
                      </caom2:range>
                    </caom2:axis>
                    <caom2:specsys>TOPOCENT</caom2:specsys>
                    <caom2:bandpassName>W-C-RC</caom2:bandpassName>
                    <caom2:resolvingPower>4.832838038632986</caom2:resolvingPower>
                  </caom2:energy>
                  <caom2:time>
                    <caom2:axis>
                      <caom2:axis>
                        <caom2:ctype>TIME</caom2:ctype>
                        <caom2:cunit>d</caom2:cunit>
                      </caom2:axis>
                      <caom2:function>
                        <caom2:naxis>1</caom2:naxis>
                        <caom2:delta>1.0</caom2:delta>
                        <caom2:refCoord>
                          <caom2:pix>0.5</caom2:pix>
                          <caom2:val>53440.0</caom2:val>
                        </caom2:refCoord>
                      </caom2:function>
                    </caom2:axis>
                    <caom2:timesys>UTC</caom2:timesys>
                    <caom2:exposure>540.0</caom2:exposure>
                  </caom2:time>
                </caom2:chunk>
              </caom2:chunks>
            </caom2:part>
          </caom2:parts>
        </caom2:artifact>
      </caom2:artifacts>
    </caom2:plane>
  </caom2:planes>
  <caom2:members>
    <caom2:observationURI>caom:SUBARUCADC/SUPA0038241</caom2:observationURI>
    <caom2:observationURI>caom:SUBARUCADC/SUPA0038253</caom2:observationURI>
    <caom2:observationURI>caom:SUBARUCADC/SUPA0038229</caom2:observationURI>
  </caom2:members>
</caom2:Observation>
