<?xml version='1.0' encoding='UTF-8'?>
<caom2:Observation xmlns:caom2="http://www.opencadc.org/caom2/xml/v2.4" xmlns:xsi="http://www.w3.org/2001/XMLSchema-instance" xsi:type="caom2:DerivedObservation" caom2:id="a4630daf-27f2-4ab2-83a6-a90fb99fbd5e" caom2:metaProducer="subaru2caom2/0.2.0">
  <caom2:collection>SUBARUCADC</caom2:collection>
  <caom2:observationID>SCLA.258.182</caom2:observationID>
  <caom2:metaRelease>2021-04-28T20:33:03.000</caom2:metaRelease>
  <caom2:algorithm>
    <caom2:name>Suprime-Cam Legacy Archive</caom2:name>
  </caom2:algorithm>
  <caom2:intent>science</caom2:intent>
  <caom2:target>
    <caom2:name>SDSS J0836+0054</caom2:name>
  </caom2:target>
  <caom2:telescope>
    <caom2:name>Subaru</caom2:name>
    <caom2:geoLocationX>-5464468.109716696</caom2:geoLocationX>
    <caom2:geoLocationY>-2493053.6504484504</caom2:geoLocationY>
    <caom2:geoLocationZ>2150943.6050810195</caom2:geoLocationZ>
  </caom2:telescope>
  <caom2:instrument>
    <caom2:name>Suprime-Cam</caom2:name>
  </caom2:instrument>
  <caom2:planes>
    <caom2:plane caom2:id="e1e4479b-98e6-41f9-ba7c-f67ebe94024b" caom2:metaProducer="subaru2caom2/0.2.0">
      <caom2:productID>SCLA.258.182.W-J-B</caom2:productID>
      <caom2:metaRelease>2021-04-28T20:33:03.000</caom2:metaRelease>
      <caom2:dataRelease>2021-04-28T20:33:03.000</caom2:dataRelease>
      <caom2:dataProductType>image</caom2:dataProductType>
      <caom2:calibrationLevel>3</caom2:calibrationLevel>
      <caom2:provenance>
        <caom2:name>SWarp</caom2:name>
        <caom2:version>2.38.0</caom2:version>
        <caom2:project>2010-2012 IAP/CNRS/UPMC</caom2:project>
        <caom2:producer>CADC</caom2:producer>
        <caom2:reference>https://www.astromatic.net/</caom2:reference>
        <caom2:lastExecuted>2021-04-28T20:33:03.000</caom2:lastExecuted>
        <caom2:inputs>
          <caom2:planeURI>caom:SUBARUCADC/SUPA0027153/SUPA0027153p</caom2:planeURI>
          <caom2:planeURI>caom:SUBARUCADC/SUPA0027569/SUPA0027569p</caom2:planeURI>
        </caom2:inputs>
      </caom2:provenance>
      <caom2:metrics>
        <caom2:magLimit>26.47</caom2:magLimit>
      </caom2:metrics>
      <caom2:artifacts>
        <caom2:artifact caom2:id="0c3530f2-d537-43b0-917b-6358c3068fa2" caom2:metaProducer="subaru2caom2/0.2.0">
          <caom2:uri>cadc:SUBARUCADC/SCLA.258.182.W-J-B.fits</caom2:uri>
          <caom2:productType>science</caom2:productType>
          <caom2:releaseType>data</caom2:releaseType>
          <caom2:contentType>application/fits</caom2:contentType>
          <caom2:parts>
            <caom2:part caom2:id="781d8990-b284-453d-a963-c96de27bd15b">
              <caom2:name>0</caom2:name>
              <caom2:chunks>
                <caom2:chunk caom2:id="3e6308e6-3d5a-413b-a9f7-6bd4e4b235fb" caom2:metaProducer="subaru2caom2/0.2.0">
                  <caom2:naxis>2</caom2:naxis>
                  <caom2:positionAxis1>1</caom2:positionAxis1>
                  <caom2:positionAxis2>2</caom2:positionAxis2>
                  <caom2:position>
                    <caom2:axis>
                      <caom2:axis1>
                        <caom2:ctype>RA---TAN</caom2:ctype>
                        <caom2:cunit>deg</caom2:cunit>
                      </caom2:axis1>
                      <caom2:axis2>
                        <caom2:ctype>DEC--TAN</caom2:ctype>
                        <caom2:cunit>deg</caom2:cunit>
                      </caom2:axis2>
                      <caom2:function>
                        <caom2:dimension>
                          <caom2:naxis1>10000</caom2:naxis1>
                          <caom2:naxis2>10000</caom2:naxis2>
                        </caom2:dimension>
                        <caom2:refCoord>
                          <caom2:coord1>
                            <caom2:pix>5000.0</caom2:pix>
                            <caom2:val>129.0197</caom2:val>
                          </caom2:coord1>
                          <caom2:coord2>
                            <caom2:pix>5000.0</caom2:pix>
                            <caom2:val>1.0</caom2:val>
                          </caom2:coord2>
                        </caom2:refCoord>
                        <caom2:cd11>-5.160235e-05</caom2:cd11>
                        <caom2:cd12>0.0</caom2:cd12>
                        <caom2:cd21>0.0</caom2:cd21>
                        <caom2:cd22>5.160235e-05</caom2:cd22>
                      </caom2:function>
                    </caom2:axis>
                    <caom2:coordsys>ICRS</caom2:coordsys>
                    <caom2:equinox>2000.0</caom2:equinox>
                  </caom2:position>
                  <caom2:energy>
                    <caom2:axis>
                      <caom2:axis>
                        <caom2:ctype>WAVE</caom2:ctype>
                        <caom2:cunit>Angstrom</caom2:cunit>
                      </caom2:axis>
                      <caom2:range>
                        <caom2:start>
                          <caom2:pix>0.5</caom2:pix>
                          <caom2:val>3845.0</caom2:val>
                        </caom2:start>
                        <caom2:end>
                          <caom2:pix>1.5</caom2:pix>
                          <caom2:val>4951.0</caom2:val>
                        </caom2:end>
                      </caom2:range>
                    </caom2:axis>
                    <caom2:specsys>TOPOCENT</caom2:specsys>
                    <caom2:bandpassName>W-J-B</caom2:bandpassName>
                    <caom2:resolvingPower>3.976491862567812</caom2:resolvingPower>
                  </caom2:energy>
                  <caom2:time>
                    <caom2:axis>
                      <caom2:axis>
                        <caom2:ctype>TIME</caom2:ctype>
                        <caom2:cunit>d</caom2:cunit>
                      </caom2:axis>
                      <caom2:function>
                        <caom2:naxis>1</caom2:naxis>
                        <caom2:delta>1.0</caom2:delta>
                        <caom2:refCoord>
                          <caom2:pix>0.5</caom2:pix>
                          <caom2:val>53024.0</caom2:val>
                        </caom2:refCoord>
                      </caom2:function>
                    </caom2:axis>
                    <caom2:timesys>UTC</caom2:timesys>
                    <caom2:exposure>1460.1</caom2:exposure>
                  </caom2:time>
                </caom2:chunk>
              </caom2:chunks>
            </caom2:part>
          </caom2:parts>
        </caom2:artifact>
      </caom2:artifacts>
    </caom2:plane>
  </caom2:planes>
  <caom2:members>
    <caom2:observationURI>caom:SUBARUCADC/SUPA0027153</caom2:observationURI>
    <caom2:observationURI>caom:SUBARUCADC/SUPA0027569</caom2:observationURI>
  </caom2:members>
</caom2:Observation>
