<caom2:Observation xmlns:caom2="http://www.opencadc.org/caom2/xml/v2.4" xmlns:xsi="http://www.w3.org/2001/XMLSchema-instance" xsi:type="caom2:DerivedObservation" caom2:id="4251fcac-e86c-42ee-979e-4caf725944af" caom2:lastModified="2021-12-12T22:44:31.402" caom2:maxLastModified="2021-12-12T22:44:41.487" caom2:metaChecksum="md5:a892a55a534d309504dcfb17a8c3d1e7" caom2:accMetaChecksum="md5:85d40435ab609c43f905200a156ca18d" caom2:metaProducer="subaru2caom2/0.1.0">
  <caom2:collection>SUBARUCADC</caom2:collection>
  <caom2:observationID>SCLA.636.200</caom2:observationID>
  <caom2:metaRelease>2021-04-27T07:17:50.000</caom2:metaRelease>
  <caom2:algorithm>
    <caom2:name>Suprime-Cam Legacy Archive</caom2:name>
  </caom2:algorithm>
  <caom2:intent>science</caom2:intent>
  <caom2:target>
    <caom2:name>HEL1061_257</caom2:name>
  </caom2:target>
  <caom2:telescope>
    <caom2:name>Subaru</caom2:name>
    <caom2:geoLocationX>-5464468.109716696</caom2:geoLocationX>
    <caom2:geoLocationY>-2493053.6504484504</caom2:geoLocationY>
    <caom2:geoLocationZ>2150943.6050810195</caom2:geoLocationZ>
  </caom2:telescope>
  <caom2:instrument>
    <caom2:name>Suprime-Cam</caom2:name>
  </caom2:instrument>
  <caom2:planes>
    <caom2:plane caom2:id="b07a56ec-833e-42e9-98ba-2b65e613ea42" caom2:lastModified="2021-12-12T22:43:04.423" caom2:maxLastModified="2021-12-12T22:43:15.229" caom2:metaChecksum="md5:5fc0799f1ded9f40cf388bee850066c5" caom2:accMetaChecksum="md5:18c39f40393a2a5a60674b1785fff4fe" caom2:metaProducer="subaru2caom2/0.1.0">
      <caom2:productID>SCLA.636.200.W-A-Y</caom2:productID>
      <caom2:metaRelease>2021-04-27T07:17:50.000</caom2:metaRelease>
      <caom2:dataRelease>2021-04-27T07:17:50.000</caom2:dataRelease>
      <caom2:dataProductType>image</caom2:dataProductType>
      <caom2:calibrationLevel>3</caom2:calibrationLevel>
      <caom2:provenance>
        <caom2:name>SWarp</caom2:name>
        <caom2:version>2.38.0</caom2:version>
        <caom2:project>2010-2012 IAP/CNRS/UPMC</caom2:project>
        <caom2:producer>CADC</caom2:producer>
        <caom2:reference>https://www.astromatic.net/</caom2:reference>
        <caom2:lastExecuted>2021-04-27T07:17:50.000</caom2:lastExecuted>
        <caom2:inputs>
          <caom2:planeURI>caom:SUBARUCADC/SUPA0155901/SUPA0155901p</caom2:planeURI>
          <caom2:planeURI>caom:SUBARUCADC/SUPA0155910/SUPA0155910p</caom2:planeURI>
          <caom2:planeURI>caom:SUBARUCADC/SUPA0155913/SUPA0155913p</caom2:planeURI>
          <caom2:planeURI>caom:SUBARUCADC/SUPA0155911/SUPA0155911p</caom2:planeURI>
          <caom2:planeURI>caom:SUBARUCADC/SUPA0155905/SUPA0155905p</caom2:planeURI>
          <caom2:planeURI>caom:SUBARUCADC/SUPA0155908/SUPA0155908p</caom2:planeURI>
          <caom2:planeURI>caom:SUBARUCADC/SUPA0155902/SUPA0155902p</caom2:planeURI>
          <caom2:planeURI>caom:SUBARUCADC/SUPA0155909/SUPA0155909p</caom2:planeURI>
          <caom2:planeURI>caom:SUBARUCADC/SUPA0155906/SUPA0155906p</caom2:planeURI>
          <caom2:planeURI>caom:SUBARUCADC/SUPA0155907/SUPA0155907p</caom2:planeURI>
          <caom2:planeURI>caom:SUBARUCADC/SUPA0155903/SUPA0155903p</caom2:planeURI>
        </caom2:inputs>
      </caom2:provenance>
      <caom2:metrics>
        <caom2:magLimit>23.12</caom2:magLimit>
      </caom2:metrics>
      <caom2:artifacts>
        <caom2:artifact caom2:id="4e04af45-dfb4-4cea-9903-4867bb25ceb3" caom2:lastModified="2021-12-12T22:43:04.423" caom2:maxLastModified="2021-12-12T22:43:04.423" caom2:metaChecksum="md5:26f47d0b83b187bfea10b1818fcd1a21" caom2:accMetaChecksum="md5:03fd09a1edb9d71a9c8d865803e64f03" caom2:metaProducer="subaru2caom2/0.1.0">
          <caom2:uri>cadc:SUBARUCADC/SCLA.636.200.W-A-Y.fits</caom2:uri>
          <caom2:productType>science</caom2:productType>
          <caom2:releaseType>data</caom2:releaseType>
          <caom2:contentType>application/fits</caom2:contentType>
          <caom2:contentChecksum>md5:4d1746da17b88363d2d212f97a8896e8</caom2:contentChecksum>
          <caom2:parts>
            <caom2:part caom2:id="437b08e5-2030-4b22-87ab-1740d640c28c" caom2:lastModified="2021-12-12T22:43:04.423" caom2:maxLastModified="2021-12-12T22:43:04.423" caom2:metaChecksum="md5:39ab4331a54682ed69304293fbc199aa" caom2:accMetaChecksum="md5:bc25fcfeb0fc66c8640949579e9b84fa">
              <caom2:name>0</caom2:name>
              <caom2:chunks>
                <caom2:chunk caom2:id="158183a9-4f25-481d-9901-1ead6be85bd5" caom2:lastModified="2021-12-12T22:43:04.423" caom2:maxLastModified="2021-12-12T22:43:04.423" caom2:metaChecksum="md5:3ab411c288569c657251fb268f517eb4" caom2:accMetaChecksum="md5:fe88ae1d4910bbaf0cee0fd06ee08248" caom2:metaProducer="subaru2caom2/0.1.0">
                  <caom2:naxis>2</caom2:naxis>
                  <caom2:positionAxis1>1</caom2:positionAxis1>
                  <caom2:positionAxis2>2</caom2:positionAxis2>
                  <caom2:position>
                    <caom2:axis>
                      <caom2:axis1>
                        <caom2:ctype>RA---TAN</caom2:ctype>
                        <caom2:cunit>deg</caom2:cunit>
                      </caom2:axis1>
                      <caom2:axis2>
                        <caom2:ctype>DEC--TAN</caom2:ctype>
                        <caom2:cunit>deg</caom2:cunit>
                      </caom2:axis2>
                      <caom2:function>
                        <caom2:dimension>
                          <caom2:naxis1>10000</caom2:naxis1>
                          <caom2:naxis2>10000</caom2:naxis2>
                        </caom2:dimension>
                        <caom2:refCoord>
                          <caom2:coord1>
                            <caom2:pix>5000.0</caom2:pix>
                            <caom2:val>322.9057</caom2:val>
                          </caom2:coord1>
                          <caom2:coord2>
                            <caom2:pix>5000.0</caom2:pix>
                            <caom2:val>10.0</caom2:val>
                          </caom2:coord2>
                        </caom2:refCoord>
                        <caom2:cd11>-5.160235e-05</caom2:cd11>
                        <caom2:cd12>0.0</caom2:cd12>
                        <caom2:cd21>0.0</caom2:cd21>
                        <caom2:cd22>5.160235e-05</caom2:cd22>
                      </caom2:function>
                    </caom2:axis>
                    <caom2:coordsys>ICRS</caom2:coordsys>
                    <caom2:equinox>2000.0</caom2:equinox>
                    <caom2:resolution>0.0</caom2:resolution>
                  </caom2:position>
                  <caom2:energy>
                    <caom2:axis>
                      <caom2:axis>
                        <caom2:ctype>WAVE</caom2:ctype>
                        <caom2:cunit>Angstrom</caom2:cunit>
                      </caom2:axis>
                      <caom2:range>
                        <caom2:start>
                          <caom2:pix>0.5</caom2:pix>
                          <caom2:val>9667.5</caom2:val>
                        </caom2:start>
                        <caom2:end>
                          <caom2:pix>1.5</caom2:pix>
                          <caom2:val>10300.5</caom2:val>
                        </caom2:end>
                      </caom2:range>
                    </caom2:axis>
                    <caom2:specsys>TOPOCENT</caom2:specsys>
                    <caom2:bandpassName>W-A-Y</caom2:bandpassName>
                    <caom2:resolvingPower>15.772511848341232</caom2:resolvingPower>
                  </caom2:energy>
                  <caom2:time>
                    <caom2:axis>
                      <caom2:axis>
                        <caom2:ctype>TIME</caom2:ctype>
                        <caom2:cunit>d</caom2:cunit>
                      </caom2:axis>
                      <caom2:function>
                        <caom2:naxis>1</caom2:naxis>
                        <caom2:delta>1.0</caom2:delta>
                        <caom2:refCoord>
                          <caom2:pix>0.5</caom2:pix>
                          <caom2:val>57515.0</caom2:val>
                        </caom2:refCoord>
                      </caom2:function>
                    </caom2:axis>
                    <caom2:timesys>UTC</caom2:timesys>
                    <caom2:exposure>10890.0</caom2:exposure>
                  </caom2:time>
                </caom2:chunk>
              </caom2:chunks>
            </caom2:part>
          </caom2:parts>
        </caom2:artifact>
      </caom2:artifacts>
    </caom2:plane>
  </caom2:planes>
  <caom2:members>
    <caom2:observationURI>caom:SUBARUCADC/SUPA0155901</caom2:observationURI>
    <caom2:observationURI>caom:SUBARUCADC/SUPA0155906</caom2:observationURI>
    <caom2:observationURI>caom:SUBARUCADC/SUPA0155908</caom2:observationURI>
    <caom2:observationURI>caom:SUBARUCADC/SUPA0155909</caom2:observationURI>
    <caom2:observationURI>caom:SUBARUCADC/SUPA0155903</caom2:observationURI>
    <caom2:observationURI>caom:SUBARUCADC/SUPA0155913</caom2:observationURI>
    <caom2:observationURI>caom:SUBARUCADC/SUPA0155911</caom2:observationURI>
    <caom2:observationURI>caom:SUBARUCADC/SUPA0155907</caom2:observationURI>
    <caom2:observationURI>caom:SUBARUCADC/SUPA0155905</caom2:observationURI>
    <caom2:observationURI>caom:SUBARUCADC/SUPA0155902</caom2:observationURI>
    <caom2:observationURI>caom:SUBARUCADC/SUPA0155910</caom2:observationURI>
  </caom2:members>
</caom2:Observation>
