<?xml version='1.0' encoding='UTF-8'?>
<caom2:Observation xmlns:caom2="http://www.opencadc.org/caom2/xml/v2.4" xmlns:xsi="http://www.w3.org/2001/XMLSchema-instance" xsi:type="caom2:DerivedObservation" caom2:id="fc33c247-fac6-423a-bd56-ef5b5fd0fa65" caom2:metaProducer="subaru2caom2/0.1.0">
  <caom2:collection>SUBARUCADC</caom2:collection>
  <caom2:observationID>SCLA.652.157</caom2:observationID>
  <caom2:metaRelease>2021-04-27T08:41:30.000</caom2:metaRelease>
  <caom2:algorithm>
    <caom2:name>Suprime-Cam Legacy Archive</caom2:name>
  </caom2:algorithm>
  <caom2:intent>science</caom2:intent>
  <caom2:target>
    <caom2:name>Uranus10</caom2:name>
  </caom2:target>
  <caom2:telescope>
    <caom2:name>Subaru</caom2:name>
    <caom2:geoLocationX>-5464468.109716696</caom2:geoLocationX>
    <caom2:geoLocationY>-2493053.6504484504</caom2:geoLocationY>
    <caom2:geoLocationZ>2150943.6050810195</caom2:geoLocationZ>
  </caom2:telescope>
  <caom2:instrument>
    <caom2:name>Suprime-Cam</caom2:name>
  </caom2:instrument>
  <caom2:environment>
    <caom2:seeing>0.791</caom2:seeing>
    <caom2:photometric>true</caom2:photometric>
  </caom2:environment>
  <caom2:planes>
    <caom2:plane caom2:id="3cece688-e1ea-4b41-90b2-e9e0d4981f1e" caom2:metaProducer="subaru2caom2/0.1.0">
      <caom2:productID>SCLA.652.157.W-J-VR</caom2:productID>
      <caom2:metaRelease>2021-04-27T08:43:00.000</caom2:metaRelease>
      <caom2:dataRelease>2021-04-27T08:43:00.000</caom2:dataRelease>
      <caom2:dataProductType>image</caom2:dataProductType>
      <caom2:calibrationLevel>3</caom2:calibrationLevel>
      <caom2:provenance>
        <caom2:name>SWarp</caom2:name>
        <caom2:version>2.38.0</caom2:version>
        <caom2:project>2010-2012 IAP/CNRS/UPMC</caom2:project>
        <caom2:producer>CADC</caom2:producer>
        <caom2:reference>https://www.astromatic.net/</caom2:reference>
        <caom2:lastExecuted>2021-04-27T08:43:00.000</caom2:lastExecuted>
        <caom2:inputs>
          <caom2:planeURI>caom:SUBARUCADC/SUPA0039628/SUPA0039628p</caom2:planeURI>
          <caom2:planeURI>caom:SUBARUCADC/SUPA0047705/SUPA0047705p</caom2:planeURI>
          <caom2:planeURI>caom:SUBARUCADC/SUPA0039636/SUPA0039636p</caom2:planeURI>
          <caom2:planeURI>caom:SUBARUCADC/SUPA0047704/SUPA0047704p</caom2:planeURI>
          <caom2:planeURI>caom:SUBARUCADC/SUPA0047708/SUPA0047708p</caom2:planeURI>
          <caom2:planeURI>caom:SUBARUCADC/SUPA0047712/SUPA0047712p</caom2:planeURI>
          <caom2:planeURI>caom:SUBARUCADC/SUPA0047850/SUPA0047850p</caom2:planeURI>
          <caom2:planeURI>caom:SUBARUCADC/SUPA0047849/SUPA0047849p</caom2:planeURI>
          <caom2:planeURI>caom:SUBARUCADC/SUPA0039632/SUPA0039632p</caom2:planeURI>
          <caom2:planeURI>caom:SUBARUCADC/SUPA0047709/SUPA0047709p</caom2:planeURI>
          <caom2:planeURI>caom:SUBARUCADC/SUPA0047713/SUPA0047713p</caom2:planeURI>
        </caom2:inputs>
      </caom2:provenance>
      <caom2:metrics>
        <caom2:magLimit>24.87</caom2:magLimit>
      </caom2:metrics>
      <caom2:artifacts>
        <caom2:artifact caom2:id="24841e21-6b7a-487d-a169-e9f826939456" caom2:metaProducer="subaru2caom2/0.1.0">
          <caom2:uri>cadc:SUBARUCADC/SCLA.652.157.W-J-VR.weight.fits.fz</caom2:uri>
          <caom2:productType>weight</caom2:productType>
          <caom2:releaseType>data</caom2:releaseType>
          <caom2:contentType>application/fits</caom2:contentType>
          <caom2:parts>
            <caom2:part caom2:id="2cbd5ec5-d565-4643-aa3a-7bae3fbec8fb">
              <caom2:name>0</caom2:name>
              <caom2:chunks/>
            </caom2:part>
            <caom2:part caom2:id="74651e9b-38d4-451c-8a25-4b72d6a2d966">
              <caom2:name>1</caom2:name>
              <caom2:chunks>
                <caom2:chunk caom2:id="1b2e4e4b-d835-4e9e-a6e0-dbb2c45fd6bb" caom2:metaProducer="subaru2caom2/0.1.0">
                  <caom2:naxis>2</caom2:naxis>
                  <caom2:positionAxis1>1</caom2:positionAxis1>
                  <caom2:positionAxis2>2</caom2:positionAxis2>
                  <caom2:position>
                    <caom2:axis>
                      <caom2:axis1>
                        <caom2:ctype>RA---TAN</caom2:ctype>
                        <caom2:cunit>deg</caom2:cunit>
                      </caom2:axis1>
                      <caom2:axis2>
                        <caom2:ctype>DEC--TAN</caom2:ctype>
                        <caom2:cunit>deg</caom2:cunit>
                      </caom2:axis2>
                      <caom2:function>
                        <caom2:dimension>
                          <caom2:naxis1>10000</caom2:naxis1>
                          <caom2:naxis2>10000</caom2:naxis2>
                        </caom2:dimension>
                        <caom2:refCoord>
                          <caom2:coord1>
                            <caom2:pix>5000.0</caom2:pix>
                            <caom2:val>332.6786</caom2:val>
                          </caom2:coord1>
                          <caom2:coord2>
                            <caom2:pix>5000.0</caom2:pix>
                            <caom2:val>-11.5</caom2:val>
                          </caom2:coord2>
                        </caom2:refCoord>
                        <caom2:cd11>-5.160235e-05</caom2:cd11>
                        <caom2:cd12>0.0</caom2:cd12>
                        <caom2:cd21>0.0</caom2:cd21>
                        <caom2:cd22>5.160235e-05</caom2:cd22>
                      </caom2:function>
                    </caom2:axis>
                    <caom2:coordsys>ICRS</caom2:coordsys>
                    <caom2:equinox>2000.0</caom2:equinox>
                  </caom2:position>
                  <caom2:time>
                    <caom2:axis>
                      <caom2:axis>
                        <caom2:ctype>TIME</caom2:ctype>
                        <caom2:cunit>d</caom2:cunit>
                      </caom2:axis>
                      <caom2:function>
                        <caom2:naxis>1</caom2:naxis>
                        <caom2:delta>1.0</caom2:delta>
                        <caom2:refCoord>
                          <caom2:pix>0.5</caom2:pix>
                          <caom2:val>53494.0</caom2:val>
                        </caom2:refCoord>
                      </caom2:function>
                    </caom2:axis>
                    <caom2:timesys>UTC</caom2:timesys>
                    <caom2:exposure>0.0</caom2:exposure>
                  </caom2:time>
                </caom2:chunk>
              </caom2:chunks>
            </caom2:part>
          </caom2:parts>
        </caom2:artifact>
        <caom2:artifact caom2:id="988d644f-9b22-4f72-9a9c-c89186b83023" caom2:metaProducer="subaru2caom2/0.1.0">
          <caom2:uri>cadc:SUBARUCADC/SCLA.652.157.W-J-VR.fits</caom2:uri>
          <caom2:productType>science</caom2:productType>
          <caom2:releaseType>data</caom2:releaseType>
          <caom2:contentType>application/fits</caom2:contentType>
          <caom2:parts>
            <caom2:part caom2:id="34f8ff02-6c75-4c0f-96ff-e3b0f30e3fa4">
              <caom2:name>0</caom2:name>
              <caom2:chunks>
                <caom2:chunk caom2:id="fc0c6d15-af79-4c6c-a1c9-82390386b5c5" caom2:metaProducer="subaru2caom2/0.1.0">
                  <caom2:naxis>2</caom2:naxis>
                  <caom2:positionAxis1>1</caom2:positionAxis1>
                  <caom2:positionAxis2>2</caom2:positionAxis2>
                  <caom2:position>
                    <caom2:axis>
                      <caom2:axis1>
                        <caom2:ctype>RA---TAN</caom2:ctype>
                        <caom2:cunit>deg</caom2:cunit>
                      </caom2:axis1>
                      <caom2:axis2>
                        <caom2:ctype>DEC--TAN</caom2:ctype>
                        <caom2:cunit>deg</caom2:cunit>
                      </caom2:axis2>
                      <caom2:function>
                        <caom2:dimension>
                          <caom2:naxis1>10000</caom2:naxis1>
                          <caom2:naxis2>10000</caom2:naxis2>
                        </caom2:dimension>
                        <caom2:refCoord>
                          <caom2:coord1>
                            <caom2:pix>5000.0</caom2:pix>
                            <caom2:val>332.6786</caom2:val>
                          </caom2:coord1>
                          <caom2:coord2>
                            <caom2:pix>5000.0</caom2:pix>
                            <caom2:val>-11.5</caom2:val>
                          </caom2:coord2>
                        </caom2:refCoord>
                        <caom2:cd11>-5.160235e-05</caom2:cd11>
                        <caom2:cd12>0.0</caom2:cd12>
                        <caom2:cd21>0.0</caom2:cd21>
                        <caom2:cd22>5.160235e-05</caom2:cd22>
                      </caom2:function>
                    </caom2:axis>
                    <caom2:coordsys>ICRS</caom2:coordsys>
                    <caom2:equinox>2000.0</caom2:equinox>
                    <caom2:resolution>1.178</caom2:resolution>
                  </caom2:position>
                  <caom2:energy>
                    <caom2:axis>
                      <caom2:axis>
                        <caom2:ctype>WAVE</caom2:ctype>
                        <caom2:cunit>Angstrom</caom2:cunit>
                      </caom2:axis>
                      <caom2:range>
                        <caom2:start>
                          <caom2:pix>0.5</caom2:pix>
                          <caom2:val>5010.0</caom2:val>
                        </caom2:start>
                        <caom2:end>
                          <caom2:pix>1.5</caom2:pix>
                          <caom2:val>6962.0</caom2:val>
                        </caom2:end>
                      </caom2:range>
                    </caom2:axis>
                    <caom2:specsys>TOPOCENT</caom2:specsys>
                    <caom2:bandpassName>W-J-VR</caom2:bandpassName>
                    <caom2:resolvingPower>3.0665983606557377</caom2:resolvingPower>
                  </caom2:energy>
                  <caom2:time>
                    <caom2:axis>
                      <caom2:axis>
                        <caom2:ctype>TIME</caom2:ctype>
                        <caom2:cunit>d</caom2:cunit>
                      </caom2:axis>
                      <caom2:function>
                        <caom2:naxis>1</caom2:naxis>
                        <caom2:delta>1.0</caom2:delta>
                        <caom2:refCoord>
                          <caom2:pix>0.5</caom2:pix>
                          <caom2:val>53494.0</caom2:val>
                        </caom2:refCoord>
                      </caom2:function>
                    </caom2:axis>
                    <caom2:timesys>UTC</caom2:timesys>
                    <caom2:exposure>600.0</caom2:exposure>
                  </caom2:time>
                </caom2:chunk>
              </caom2:chunks>
            </caom2:part>
          </caom2:parts>
        </caom2:artifact>
      </caom2:artifacts>
    </caom2:plane>
    <caom2:plane caom2:id="8671c5a5-8c99-4882-96a6-8be42188af25" caom2:metaProducer="subaru2caom2/0.1.0">
      <caom2:productID>SCLA.652.157.W-C-RC</caom2:productID>
      <caom2:metaRelease>2021-04-27T08:41:30.000</caom2:metaRelease>
      <caom2:dataRelease>2021-04-27T08:41:30.000</caom2:dataRelease>
      <caom2:dataProductType>image</caom2:dataProductType>
      <caom2:calibrationLevel>3</caom2:calibrationLevel>
      <caom2:provenance>
        <caom2:name>SWarp</caom2:name>
        <caom2:version>2.38.0</caom2:version>
        <caom2:project>2010-2012 IAP/CNRS/UPMC</caom2:project>
        <caom2:producer>CADC</caom2:producer>
        <caom2:reference>https://www.astromatic.net/</caom2:reference>
        <caom2:lastExecuted>2021-04-27T08:41:30.000</caom2:lastExecuted>
        <caom2:inputs>
          <caom2:planeURI>caom:SUBARUCADC/SUPA0023705/SUPA0023705p</caom2:planeURI>
          <caom2:planeURI>caom:SUBARUCADC/SUPA0023699/SUPA0023699p</caom2:planeURI>
          <caom2:planeURI>caom:SUBARUCADC/SUPA0023608/SUPA0023608p</caom2:planeURI>
          <caom2:planeURI>caom:SUBARUCADC/SUPA0023616/SUPA0023616p</caom2:planeURI>
        </caom2:inputs>
      </caom2:provenance>
      <caom2:metrics>
        <caom2:magLimit>26.16</caom2:magLimit>
      </caom2:metrics>
      <caom2:artifacts>
        <caom2:artifact caom2:id="c8c6cc13-6aa7-4d80-865b-3d37254d2784" caom2:metaProducer="subaru2caom2/0.1.0">
          <caom2:uri>cadc:SUBARUCADC/SCLA.652.157.W-C-RC.weight.fits.fz</caom2:uri>
          <caom2:productType>weight</caom2:productType>
          <caom2:releaseType>data</caom2:releaseType>
          <caom2:contentType>application/fits</caom2:contentType>
          <caom2:parts>
            <caom2:part caom2:id="48ea4a7b-e944-485b-bc6e-3fb7d33e5f81">
              <caom2:name>0</caom2:name>
              <caom2:chunks/>
            </caom2:part>
            <caom2:part caom2:id="99747c49-8b59-4faf-84cd-c16cdb417496">
              <caom2:name>1</caom2:name>
              <caom2:chunks>
                <caom2:chunk caom2:id="e440ea53-be7f-437e-a8e8-24971ffdae87" caom2:metaProducer="subaru2caom2/0.1.0">
                  <caom2:naxis>2</caom2:naxis>
                  <caom2:positionAxis1>1</caom2:positionAxis1>
                  <caom2:positionAxis2>2</caom2:positionAxis2>
                  <caom2:position>
                    <caom2:axis>
                      <caom2:axis1>
                        <caom2:ctype>RA---TAN</caom2:ctype>
                        <caom2:cunit>deg</caom2:cunit>
                      </caom2:axis1>
                      <caom2:axis2>
                        <caom2:ctype>DEC--TAN</caom2:ctype>
                        <caom2:cunit>deg</caom2:cunit>
                      </caom2:axis2>
                      <caom2:function>
                        <caom2:dimension>
                          <caom2:naxis1>10000</caom2:naxis1>
                          <caom2:naxis2>10000</caom2:naxis2>
                        </caom2:dimension>
                        <caom2:refCoord>
                          <caom2:coord1>
                            <caom2:pix>5000.0</caom2:pix>
                            <caom2:val>332.6786</caom2:val>
                          </caom2:coord1>
                          <caom2:coord2>
                            <caom2:pix>5000.0</caom2:pix>
                            <caom2:val>-11.5</caom2:val>
                          </caom2:coord2>
                        </caom2:refCoord>
                        <caom2:cd11>-5.160235e-05</caom2:cd11>
                        <caom2:cd12>0.0</caom2:cd12>
                        <caom2:cd21>0.0</caom2:cd21>
                        <caom2:cd22>5.160235e-05</caom2:cd22>
                      </caom2:function>
                    </caom2:axis>
                    <caom2:coordsys>ICRS</caom2:coordsys>
                    <caom2:equinox>2000.0</caom2:equinox>
                  </caom2:position>
                  <caom2:time>
                    <caom2:axis>
                      <caom2:axis>
                        <caom2:ctype>TIME</caom2:ctype>
                        <caom2:cunit>d</caom2:cunit>
                      </caom2:axis>
                      <caom2:function>
                        <caom2:naxis>1</caom2:naxis>
                        <caom2:delta>1.0</caom2:delta>
                        <caom2:refCoord>
                          <caom2:pix>0.5</caom2:pix>
                          <caom2:val>52880.0</caom2:val>
                        </caom2:refCoord>
                      </caom2:function>
                    </caom2:axis>
                    <caom2:timesys>UTC</caom2:timesys>
                    <caom2:exposure>0.0</caom2:exposure>
                  </caom2:time>
                </caom2:chunk>
              </caom2:chunks>
            </caom2:part>
          </caom2:parts>
        </caom2:artifact>
        <caom2:artifact caom2:id="90cd32d8-87e8-4e1c-b068-153c540f43a5" caom2:metaProducer="subaru2caom2/0.1.0">
          <caom2:uri>cadc:SUBARUCADC/SCLA.652.157.W-C-RC.fits</caom2:uri>
          <caom2:productType>science</caom2:productType>
          <caom2:releaseType>data</caom2:releaseType>
          <caom2:contentType>application/fits</caom2:contentType>
          <caom2:parts>
            <caom2:part caom2:id="fa4dea4b-9725-46f3-abe5-b275d11a0fd3">
              <caom2:name>0</caom2:name>
              <caom2:chunks>
                <caom2:chunk caom2:id="c450a810-7f6e-4202-88af-60396f327aa9" caom2:metaProducer="subaru2caom2/0.1.0">
                  <caom2:naxis>2</caom2:naxis>
                  <caom2:positionAxis1>1</caom2:positionAxis1>
                  <caom2:positionAxis2>2</caom2:positionAxis2>
                  <caom2:position>
                    <caom2:axis>
                      <caom2:axis1>
                        <caom2:ctype>RA---TAN</caom2:ctype>
                        <caom2:cunit>deg</caom2:cunit>
                      </caom2:axis1>
                      <caom2:axis2>
                        <caom2:ctype>DEC--TAN</caom2:ctype>
                        <caom2:cunit>deg</caom2:cunit>
                      </caom2:axis2>
                      <caom2:function>
                        <caom2:dimension>
                          <caom2:naxis1>10000</caom2:naxis1>
                          <caom2:naxis2>10000</caom2:naxis2>
                        </caom2:dimension>
                        <caom2:refCoord>
                          <caom2:coord1>
                            <caom2:pix>5000.0</caom2:pix>
                            <caom2:val>332.6786</caom2:val>
                          </caom2:coord1>
                          <caom2:coord2>
                            <caom2:pix>5000.0</caom2:pix>
                            <caom2:val>-11.5</caom2:val>
                          </caom2:coord2>
                        </caom2:refCoord>
                        <caom2:cd11>-5.160235e-05</caom2:cd11>
                        <caom2:cd12>0.0</caom2:cd12>
                        <caom2:cd21>0.0</caom2:cd21>
                        <caom2:cd22>5.160235e-05</caom2:cd22>
                      </caom2:function>
                    </caom2:axis>
                    <caom2:coordsys>ICRS</caom2:coordsys>
                    <caom2:equinox>2000.0</caom2:equinox>
                    <caom2:resolution>0.791</caom2:resolution>
                  </caom2:position>
                  <caom2:energy>
                    <caom2:axis>
                      <caom2:axis>
                        <caom2:ctype>WAVE</caom2:ctype>
                        <caom2:cunit>Angstrom</caom2:cunit>
                      </caom2:axis>
                      <caom2:range>
                        <caom2:start>
                          <caom2:pix>0.5</caom2:pix>
                          <caom2:val>5832.0</caom2:val>
                        </caom2:start>
                        <caom2:end>
                          <caom2:pix>1.5</caom2:pix>
                          <caom2:val>7178.0</caom2:val>
                        </caom2:end>
                      </caom2:range>
                    </caom2:axis>
                    <caom2:specsys>TOPOCENT</caom2:specsys>
                    <caom2:bandpassName>W-C-RC</caom2:bandpassName>
                    <caom2:resolvingPower>4.832838038632986</caom2:resolvingPower>
                  </caom2:energy>
                  <caom2:time>
                    <caom2:axis>
                      <caom2:axis>
                        <caom2:ctype>TIME</caom2:ctype>
                        <caom2:cunit>d</caom2:cunit>
                      </caom2:axis>
                      <caom2:function>
                        <caom2:naxis>1</caom2:naxis>
                        <caom2:delta>1.0</caom2:delta>
                        <caom2:refCoord>
                          <caom2:pix>0.5</caom2:pix>
                          <caom2:val>52880.0</caom2:val>
                        </caom2:refCoord>
                      </caom2:function>
                    </caom2:axis>
                    <caom2:timesys>UTC</caom2:timesys>
                    <caom2:exposure>1600.0</caom2:exposure>
                  </caom2:time>
                </caom2:chunk>
              </caom2:chunks>
            </caom2:part>
          </caom2:parts>
        </caom2:artifact>
      </caom2:artifacts>
    </caom2:plane>
  </caom2:planes>
  <caom2:members>
    <caom2:observationURI>caom:SUBARUCADC/SUPA0047709</caom2:observationURI>
    <caom2:observationURI>caom:SUBARUCADC/SUPA0047704</caom2:observationURI>
    <caom2:observationURI>caom:SUBARUCADC/SUPA0047850</caom2:observationURI>
    <caom2:observationURI>caom:SUBARUCADC/SUPA0039636</caom2:observationURI>
    <caom2:observationURI>caom:SUBARUCADC/SUPA0047705</caom2:observationURI>
    <caom2:observationURI>caom:SUBARUCADC/SUPA0023705</caom2:observationURI>
    <caom2:observationURI>caom:SUBARUCADC/SUPA0023699</caom2:observationURI>
    <caom2:observationURI>caom:SUBARUCADC/SUPA0047713</caom2:observationURI>
    <caom2:observationURI>caom:SUBARUCADC/SUPA0023616</caom2:observationURI>
    <caom2:observationURI>caom:SUBARUCADC/SUPA0047712</caom2:observationURI>
    <caom2:observationURI>caom:SUBARUCADC/SUPA0039632</caom2:observationURI>
    <caom2:observationURI>caom:SUBARUCADC/SUPA0047849</caom2:observationURI>
    <caom2:observationURI>caom:SUBARUCADC/SUPA0039628</caom2:observationURI>
    <caom2:observationURI>caom:SUBARUCADC/SUPA0047708</caom2:observationURI>
    <caom2:observationURI>caom:SUBARUCADC/SUPA0023608</caom2:observationURI>
  </caom2:members>
</caom2:Observation>
